******************************************************************************
                  TI ARM Linker PC v15.12.1                    
******************************************************************************
>> Linked Tue Feb 07 14:39:52 2017

OUTPUT FILE NAME:   <Proj2PartC.out>
ENTRY POINT SYMBOL: "_c_int00"  address: 00000c35


MEMORY CONFIGURATION

         name            origin    length      used     unused   attr    fill
----------------------  --------  ---------  --------  --------  ----  --------
  MAIN                  00000000   00040000  00000daa  0003f256  R  X
  INFO                  00200000   00004000  00000000  00004000  R  X
  SRAM_CODE             01000000   00010000  00000230  0000fdd0  RW X
  SRAM_DATA             20000000   00010000  00000230  0000fdd0  RW  


SEGMENT ALLOCATION MAP

run origin  load origin   length   init length attrs members
----------  ----------- ---------- ----------- ----- -------
00000000    00000000    00000dac   00000dac    r-x
  00000000    00000000    00000140   00000140    r-- .intvecs
  00000140    00000140    00000c3e   00000c3e    r-x .text
  00000d80    00000d80    0000002c   0000002c    r-- .cinit
20000000    20000000    00000030   00000000    rw-
  20000000    20000000    00000030   00000000    rw- .data
2000fe00    2000fe00    00000200   00000000    rw-
  2000fe00    2000fe00    00000200   00000000    rw- .stack


SECTION ALLOCATION MAP

 output                                  attributes/
section   page    origin      length       input sections
--------  ----  ----------  ----------   ----------------
.intvecs   0    00000000    00000140     
                  00000000    00000140     startup_msp432p401r_ccs.obj (.intvecs:retain)

.binit     0    00000000    00000000     

.text      0    00000140    00000c3e     
                  00000140    00000330     ClockSystem.obj (.text)
                  00000470    00000328     system_msp432p401r.obj (.text)
                  00000798    000002a8     main.obj (.text)
                  00000a40    0000009c     rtsv7M4_T_le_v4SPD16_eabi.lib : memcpy_t2.obj (.text)
                  00000adc    0000007a                                   : memset_t2.obj (.text)
                  00000b56    00000002                                   : mpu_init.obj (.text)
                  00000b58    00000070                                   : autoinit.obj (.text)
                  00000bc8    0000006a                                   : copy_decompress_rle.obj (.text)
                  00000c32    00000002                                   : startup.obj (.text)
                  00000c34    00000054                                   : boot.obj (.text)
                  00000c88    00000054                                   : exit.obj (.text)
                  00000cdc    0000004c                                   : cpy_tbl.obj (.text)
                  00000d28    00000018                                   : args_main.obj (.text)
                  00000d40    00000014                                   : _lock.obj (.text)
                  00000d54    00000012     startup_msp432p401r_ccs.obj (.text)
                  00000d66    0000000e     rtsv7M4_T_le_v4SPD16_eabi.lib : copy_decompress_none.obj (.text:decompress:none)
                  00000d74    00000006                                   : copy_decompress_rle.obj (.text:decompress:rle24)
                  00000d7a    00000004                                   : pre_init.obj (.text)

.cinit     0    00000d80    0000002c     
                  00000d80    0000001a     (.cinit..data.load) [load image, compression = rle]
                  00000d9a    00000002     --HOLE-- [fill = 0]
                  00000d9c    00000008     (__TI_handler_table)
                  00000da4    00000008     (__TI_cinit_table)

.init_array 
*          0    00000000    00000000     UNINITIALIZED

.data      0    20000000    00000030     UNINITIALIZED
                  20000000    00000014     ClockSystem.obj (.data)
                  20000014    0000000c     rtsv7M4_T_le_v4SPD16_eabi.lib : exit.obj (.data:$O1$$)
                  20000020    00000008                                   : _lock.obj (.data:$O1$$)
                  20000028    00000004                                   : stkdepth_vars.obj (.data)
                  2000002c    00000004     system_msp432p401r.obj (.data)

.stack     0    2000fe00    00000200     UNINITIALIZED
                  2000fe00    00000200     --HOLE--

MODULE SUMMARY

       Module                        code   ro data   rw data
       ------                        ----   -------   -------
    .\
       ClockSystem.obj               816    0         40     
       system_msp432p401r.obj        808    0         8      
       main.obj                      680    0         0      
       startup_msp432p401r_ccs.obj   18     320       0      
    +--+-----------------------------+------+---------+---------+
       Total:                        2322   320       48     
                                                             
    D:\local\ti\ccsv6\tools\compiler\ti-cgt-arm_15.12.1.LTS\lib\rtsv7M4_T_le_v4SPD16_eabi.lib
       memcpy_t2.obj                 156    0         0      
       memset_t2.obj                 122    0         0      
       autoinit.obj                  112    0         0      
       copy_decompress_rle.obj       112    0         0      
       exit.obj                      84     0         24     
       boot.obj                      84     0         0      
       cpy_tbl.obj                   76     0         0      
       _lock.obj                     20     0         16     
       args_main.obj                 24     0         0      
       copy_decompress_none.obj      14     0         0      
       stkdepth_vars.obj             0      0         8      
       pre_init.obj                  4      0         0      
       mpu_init.obj                  2      0         0      
       startup.obj                   2      0         0      
    +--+-----------------------------+------+---------+---------+
       Total:                        812    0         48     
                                                             
       Stack:                        0      0         1024   
       Linker Generated:             0      42        0      
    +--+-----------------------------+------+---------+---------+
       Grand Total:                  3134   362       1120   


LINKER GENERATED COPY TABLES

__TI_cinit_table @ 00000da4 records: 1, size/record: 8, table size: 8
	.data: load addr=00000d80, load size=0000001a bytes, run addr=20000000, run size=00000030 bytes, compression=rle


LINKER GENERATED HANDLER TABLE

__TI_handler_table @ 00000d9c records: 2, size/record: 4, table size: 8
	index: 0, handler: __TI_decompress_rle24
	index: 1, handler: __TI_decompress_none


GLOBAL SYMBOLS: SORTED ALPHABETICALLY BY Name 

address   name                           
-------   ----                           
00000c89  C$$EXIT                        
20000004  CPMwait                        
00000141  Clock_Init                     
0000027b  Clock_Init32kHz                
0000018b  Clock_Init48MHz                
0000036d  Clock_InitLowPower             
20000010  Crystalstable                  
2000000c  IFlags                         
00000799  Initialize_Port1               
00000811  Initialize_Port1_output        
000007c1  Initialize_Port2               
000007e9  Initialize_Port3               
20000008  Postwait                       
20000000  Prewait                        
00000839  Read_Port1                     
UNDEFED   SHT$$INIT_ARRAY$$Base          
UNDEFED   SHT$$INIT_ARRAY$$Limit         
00000847  SysTick_Init                   
00000863  SysTick_Wait                   
2000002c  SystemCoreClock                
00000471  SystemCoreClockUpdate          
000006e5  SystemInit                     
4000480c  WDTCTL_SYM                     
0000083b  Write_Port2                    
20010000  __STACK_END                    
00000200  __STACK_SIZE                   
00000da4  __TI_CINIT_Base                
00000dac  __TI_CINIT_Limit               
00000d9c  __TI_Handler_Table_Base        
00000da4  __TI_Handler_Table_Limit       
00000b59  __TI_auto_init                 
20000014  __TI_cleanup_ptr               
00000d67  __TI_decompress_none           
00000d75  __TI_decompress_rle24          
20000018  __TI_dtors_ptr                 
2000001c  __TI_enable_exit_profile_output
ffffffff  __TI_pprof_out_hndl            
ffffffff  __TI_prof_data_size            
ffffffff  __TI_prof_data_start           
00000000  __TI_static_base__             
00000add  __aeabi_memclr                 
00000add  __aeabi_memclr4                
00000add  __aeabi_memclr8                
00000a41  __aeabi_memcpy                 
00000a41  __aeabi_memcpy4                
00000a41  __aeabi_memcpy8                
00000adf  __aeabi_memset                 
00000adf  __aeabi_memset4                
00000adf  __aeabi_memset8                
ffffffff  __binit__                      
ffffffff  __c_args__                     
00000b57  __mpu_init                     
2000fe00  __stack                        
00000d29  _args_main                     
00000c35  _c_int00                       
20000020  _lock                          
00000d4f  _nop                           
00000d47  _register_lock                 
00000d41  _register_unlock               
00000c33  _system_post_cinit             
00000d7b  _system_pre_init               
20000024  _unlock                        
00000c8d  abort                          
ffffffff  binit                          
00000cdd  copy_in                        
00000c95  exit                           
00000000  interruptVectors               
00000883  main                           
20000028  main_func_sp                   
00000a41  memcpy                         
00000ae5  memset                         


GLOBAL SYMBOLS: SORTED BY Symbol Address 

address   name                           
-------   ----                           
00000000  __TI_static_base__             
00000000  interruptVectors               
00000141  Clock_Init                     
0000018b  Clock_Init48MHz                
00000200  __STACK_SIZE                   
0000027b  Clock_Init32kHz                
0000036d  Clock_InitLowPower             
00000471  SystemCoreClockUpdate          
000006e5  SystemInit                     
00000799  Initialize_Port1               
000007c1  Initialize_Port2               
000007e9  Initialize_Port3               
00000811  Initialize_Port1_output        
00000839  Read_Port1                     
0000083b  Write_Port2                    
00000847  SysTick_Init                   
00000863  SysTick_Wait                   
00000883  main                           
00000a41  __aeabi_memcpy                 
00000a41  __aeabi_memcpy4                
00000a41  __aeabi_memcpy8                
00000a41  memcpy                         
00000add  __aeabi_memclr                 
00000add  __aeabi_memclr4                
00000add  __aeabi_memclr8                
00000adf  __aeabi_memset                 
00000adf  __aeabi_memset4                
00000adf  __aeabi_memset8                
00000ae5  memset                         
00000b57  __mpu_init                     
00000b59  __TI_auto_init                 
00000c33  _system_post_cinit             
00000c35  _c_int00                       
00000c89  C$$EXIT                        
00000c8d  abort                          
00000c95  exit                           
00000cdd  copy_in                        
00000d29  _args_main                     
00000d41  _register_unlock               
00000d47  _register_lock                 
00000d4f  _nop                           
00000d67  __TI_decompress_none           
00000d75  __TI_decompress_rle24          
00000d7b  _system_pre_init               
00000d9c  __TI_Handler_Table_Base        
00000da4  __TI_CINIT_Base                
00000da4  __TI_Handler_Table_Limit       
00000dac  __TI_CINIT_Limit               
20000000  Prewait                        
20000004  CPMwait                        
20000008  Postwait                       
2000000c  IFlags                         
20000010  Crystalstable                  
20000014  __TI_cleanup_ptr               
20000018  __TI_dtors_ptr                 
2000001c  __TI_enable_exit_profile_output
20000020  _lock                          
20000024  _unlock                        
20000028  main_func_sp                   
2000002c  SystemCoreClock                
2000fe00  __stack                        
20010000  __STACK_END                    
4000480c  WDTCTL_SYM                     
ffffffff  __TI_pprof_out_hndl            
ffffffff  __TI_prof_data_size            
ffffffff  __TI_prof_data_start           
ffffffff  __binit__                      
ffffffff  __c_args__                     
ffffffff  binit                          
UNDEFED   SHT$$INIT_ARRAY$$Base          
UNDEFED   SHT$$INIT_ARRAY$$Limit         

[71 symbols]
